[
  {
    "Id": "61746566a01a5e8e03b788e0",
    "FirstName": "Test Name",
    "LastName": "Test Surname",
    "FavouriteQuestions": [],
    "UserSolutions": []
  }
]
