{
  "Id": "61746566a01a5e8e03b788e0",
  "UserId": "61746566a01a5e8e03b788e0",
  "InterviewQuestionId": "623633119c87b612a42c587a",
  "Response": {
    "Value": "This is a test response object"
  }
}
